{"Images": [{"scale_factor": 2.499758866304046, "image_path": "\u6587\u5b57.png", "image_rotation": 0.0, "height": 187, "is_transparent": false, "global_always_on_top": true, "flipped_horizontally": false, "window_opacity": 1, "is_grayscale": false, "width": 500, "version": 1.5, "always_on_top": false, "y": 546, "x": 1302, "scroll_x": 738, "scroll_y": 359, "global_lock_windows": false, "flipped_vertically": false}]}